Command line invocation:
    /Applications/Xcode.app/Contents/Developer/usr/bin/xcodebuild build -project ExampleApp.xcodeproj -scheme ExampleApp -configuration Debug -destination generic/platform=iOS CODE_SIGNING_ALLOWED=NO CODE_SIGNING_REQUIRED=NO CODE_SIGN_IDENTITY=

Build settings from command line:
    CODE_SIGN_IDENTITY = 
    CODE_SIGNING_ALLOWED = NO
    CODE_SIGNING_REQUIRED = NO

Resolve Package Graph


Resolved source packages:
  SensorBioSDK: /Users/josephbennett/Development/sensr/mobile_sensorbio_sdk_ios_binary

2026-09-10 11:03:12.311 xcodebuild[43593:192198214] [MT] IDERunDestination: Supported platforms for the buildables in the current scheme is empty.
note: Using codesigning identity override: 
ComputePackagePrebuildTargetDependencyGraph

Prepare packages

CreateBuildRequest

SendProjectDescription

CreateBuildOperation

ComputeTargetDependencyGraph
note: Building targets in dependency order
note: Target dependency graph (3 targets)
    Target 'ExampleApp' in project 'ExampleApp'
        ➜ Explicit dependency on target 'SensorBioSDK' in project 'SensorBioSDK'
    Target 'SensorBioSDK' in project 'SensorBioSDK'
        ➜ Explicit dependency on target 'SensorBioSDKLink' in project 'SensorBioSDK'
    Target 'SensorBioSDKLink' in project 'SensorBioSDK' (no dependencies)

GatherProvisioningInputs

CreateBuildDescription

ExecuteExternalTool /Applications/Xcode.app/Contents/Developer/Toolchains/XcodeDefault.xctoolchain/usr/bin/swiftc --version

ExecuteExternalTool /Applications/Xcode.app/Contents/Developer/Toolchains/XcodeDefault.xctoolchain/usr/bin/clang -v -E -dM -isysroot /Applications/Xcode.app/Contents/Developer/Platforms/iPhoneOS.platform/Developer/SDKs/iPhoneOS26.5.sdk -x c -c /dev/null

ExecuteExternalTool /Applications/Xcode.app/Contents/Developer/usr/bin/actool --print-asset-tag-combinations --output-format xml1 /Users/josephbennett/Development/sensr/mobile_sensorbio_sdk_ios_binary/ExampleApp/ExampleApp/Assets.xcassets

ExecuteExternalTool /Applications/Xcode.app/Contents/Developer/Toolchains/XcodeDefault.xctoolchain/usr/bin/ld -version_details

ExecuteExternalTool /Applications/Xcode.app/Contents/Developer/usr/bin/actool --version --output-format xml1

Build description signature: 60bea2dd6a74dd9a3872a720dabf5ab5
Build description path: /Users/josephbennett/Library/Developer/Xcode/DerivedData/ExampleApp-bvtnzyojtzckdkdmbgyxxxwseezb/Build/Intermediates.noindex/XCBuildData/60bea2dd6a74dd9a3872a720dabf5ab5.xcbuilddata
ClangStatCache /Applications/Xcode.app/Contents/Developer/Toolchains/XcodeDefault.xctoolchain/usr/bin/clang-stat-cache /Applications/Xcode.app/Contents/Developer/Platforms/iPhoneOS.platform/Developer/SDKs/iPhoneOS26.5.sdk /Users/josephbennett/Library/Developer/Xcode/DerivedData/SDKStatCaches.noindex/iphoneos26.5-23F81a-32daed1954a7d5dd0789fcaf2a9bb78b.sdkstatcache
    cd /Users/josephbennett/Development/sensr/mobile_sensorbio_sdk_ios_binary/ExampleApp/ExampleApp.xcodeproj
    /Applications/Xcode.app/Contents/Developer/Toolchains/XcodeDefault.xctoolchain/usr/bin/clang-stat-cache /Applications/Xcode.app/Contents/Developer/Platforms/iPhoneOS.platform/Developer/SDKs/iPhoneOS26.5.sdk -o /Users/josephbennett/Library/Developer/Xcode/DerivedData/SDKStatCaches.noindex/iphoneos26.5-23F81a-32daed1954a7d5dd0789fcaf2a9bb78b.sdkstatcache

ProcessXCFramework /Users/josephbennett/Development/sensr/mobile_sensorbio_sdk_ios_binary/SensorBio/LibFXC.xcframework /Users/josephbennett/Library/Developer/Xcode/DerivedData/ExampleApp-bvtnzyojtzckdkdmbgyxxxwseezb/Build/Products/Debug-iphoneos/LibFXC.framework ios
    cd /Users/josephbennett/Development/sensr/mobile_sensorbio_sdk_ios_binary/ExampleApp/ExampleApp.xcodeproj
    builtin-process-xcframework --xcframework /Users/josephbennett/Development/sensr/mobile_sensorbio_sdk_ios_binary/SensorBio/LibFXC.xcframework --platform ios --target-path /Users/josephbennett/Library/Developer/Xcode/DerivedData/ExampleApp-bvtnzyojtzckdkdmbgyxxxwseezb/Build/Products/Debug-iphoneos

ProcessXCFramework /Users/josephbennett/Development/sensr/mobile_sensorbio_sdk_ios_binary/SensorBio/SensorBioSDK.xcframework /Users/josephbennett/Library/Developer/Xcode/DerivedData/ExampleApp-bvtnzyojtzckdkdmbgyxxxwseezb/Build/Products/Debug-iphoneos/SensorBioSDK.framework ios
    cd /Users/josephbennett/Development/sensr/mobile_sensorbio_sdk_ios_binary/ExampleApp/ExampleApp.xcodeproj
    builtin-process-xcframework --xcframework /Users/josephbennett/Development/sensr/mobile_sensorbio_sdk_ios_binary/SensorBio/SensorBioSDK.xcframework --platform ios --target-path /Users/josephbennett/Library/Developer/Xcode/DerivedData/ExampleApp-bvtnzyojtzckdkdmbgyxxxwseezb/Build/Products/Debug-iphoneos

SwiftDriver ExampleApp normal arm64 com.apple.xcode.tools.swift.compiler (in target 'ExampleApp' from project 'ExampleApp')
    cd /Users/josephbennett/Development/sensr/mobile_sensorbio_sdk_ios_binary/ExampleApp
    builtin-SwiftDriver -- /Applications/Xcode.app/Contents/Developer/Toolchains/XcodeDefault.xctoolchain/usr/bin/swiftc -module-name ExampleApp -Onone @/Users/josephbennett/Library/Developer/Xcode/DerivedData/ExampleApp-bvtnzyojtzckdkdmbgyxxxwseezb/Build/Intermediates.noindex/ExampleApp.build/Debug-iphoneos/ExampleApp.build/Objects-normal/arm64/ExampleApp.SwiftFileList -DDEBUG -enable-bare-slash-regex -enable-experimental-feature DebugDescriptionMacro -sdk /Applications/Xcode.app/Contents/Developer/Platforms/iPhoneOS.platform/Developer/SDKs/iPhoneOS26.5.sdk -target arm64-apple-ios18.0 -g -module-cache-path /Users/josephbennett/Library/Developer/Xcode/DerivedData/ModuleCache.noindex -Xfrontend -serialize-debugging-options -enable-testing -index-store-path /Users/josephbennett/Library/Developer/Xcode/DerivedData/ExampleApp-bvtnzyojtzckdkdmbgyxxxwseezb/Index.noindex/DataStore -Xcc -D_LIBCPP_HARDENING_MODE\=_LIBCPP_HARDENING_MODE_DEBUG -swift-version 5 -I /Users/josephbennett/Library/Developer/Xcode/DerivedData/ExampleApp-bvtnzyojtzckdkdmbgyxxxwseezb/Build/Products/Debug-iphoneos -F /Users/josephbennett/Library/Developer/Xcode/DerivedData/ExampleApp-bvtnzyojtzckdkdmbgyxxxwseezb/Build/Products/Debug-iphoneos/PackageFrameworks -F /Users/josephbennett/Library/Developer/Xcode/DerivedData/ExampleApp-bvtnzyojtzckdkdmbgyxxxwseezb/Build/Products/Debug-iphoneos -c -j16 -enable-batch-mode -incremental -Xcc -ivfsstatcache -Xcc /Users/josephbennett/Library/Developer/Xcode/DerivedData/SDKStatCaches.noindex/iphoneos26.5-23F81a-32daed1954a7d5dd0789fcaf2a9bb78b.sdkstatcache -output-file-map /Users/josephbennett/Library/Developer/Xcode/DerivedData/ExampleApp-bvtnzyojtzckdkdmbgyxxxwseezb/Build/Intermediates.noindex/ExampleApp.build/Debug-iphoneos/ExampleApp.build/Objects-normal/arm64/ExampleApp-OutputFileMap.json -use-frontend-parseable-output -save-temps -no-color-diagnostics -explicit-module-build -module-cache-path /Users/josephbennett/Library/Developer/Xcode/DerivedData/ExampleApp-bvtnzyojtzckdkdmbgyxxxwseezb/Build/Intermediates.noindex/SwiftExplicitPrecompiledModules -clang-scanner-module-cache-path /Users/josephbennett/Library/Developer/Xcode/DerivedData/ModuleCache.noindex -sdk-module-cache-path /Users/josephbennett/Library/Developer/Xcode/DerivedData/ModuleCache.noindex -serialize-diagnostics -emit-dependencies -emit-module -emit-module-path /Users/josephbennett/Library/Developer/Xcode/DerivedData/ExampleApp-bvtnzyojtzckdkdmbgyxxxwseezb/Build/Intermediates.noindex/ExampleApp.build/Debug-iphoneos/ExampleApp.build/Objects-normal/arm64/ExampleApp.swiftmodule -validate-clang-modules-once -clang-build-session-file /Users/josephbennett/Library/Developer/Xcode/DerivedData/ModuleCache.noindex/Session.modulevalidation -Xcc -I/Users/josephbennett/Library/Developer/Xcode/DerivedData/ExampleApp-bvtnzyojtzckdkdmbgyxxxwseezb/Build/Intermediates.noindex/ExampleApp.build/Debug-iphoneos/ExampleApp.build/swift-overrides.hmap -emit-const-values -Xfrontend -const-gather-protocols-file -Xfrontend /Users/josephbennett/Library/Developer/Xcode/DerivedData/ExampleApp-bvtnzyojtzckdkdmbgyxxxwseezb/Build/Intermediates.noindex/ExampleApp.build/Debug-iphoneos/ExampleApp.build/Objects-normal/arm64/ExampleApp_const_extract_protocols.json -Xcc -iquote -Xcc /Users/josephbennett/Library/Developer/Xcode/DerivedData/ExampleApp-bvtnzyojtzckdkdmbgyxxxwseezb/Build/Intermediates.noindex/ExampleApp.build/Debug-iphoneos/ExampleApp.build/ExampleApp-generated-files.hmap -Xcc -I/Users/josephbennett/Library/Developer/Xcode/DerivedData/ExampleApp-bvtnzyojtzckdkdmbgyxxxwseezb/Build/Intermediates.noindex/ExampleApp.build/Debug-iphoneos/ExampleApp.build/ExampleApp-own-target-headers.hmap -Xcc -I/Users/josephbennett/Library/Developer/Xcode/DerivedData/ExampleApp-bvtnzyojtzckdkdmbgyxxxwseezb/Build/Intermediates.noindex/ExampleApp.build/Debug-iphoneos/ExampleApp.build/ExampleApp-all-non-framework-target-headers.hmap -Xcc -ivfsoverlay -Xcc /Users/josephbennett/Library/Developer/Xcode/DerivedData/ExampleApp-bvtnzyojtzckdkdmbgyxxxwseezb/Build/Intermediates.noindex/ExampleApp.build/Debug-iphoneos/ExampleApp-1c44b7db8fcdc35b4a56dd4f6b7e06ef-VFS-iphoneos/all-product-headers.yaml -Xcc -iquote -Xcc /Users/josephbennett/Library/Developer/Xcode/DerivedData/ExampleApp-bvtnzyojtzckdkdmbgyxxxwseezb/Build/Intermediates.noindex/ExampleApp.build/Debug-iphoneos/ExampleApp.build/ExampleApp-project-headers.hmap -Xcc -I/Users/josephbennett/Library/Developer/Xcode/DerivedData/ExampleApp-bvtnzyojtzckdkdmbgyxxxwseezb/Build/Products/Debug-iphoneos/include -Xcc -I/Users/josephbennett/Library/Developer/Xcode/DerivedData/ExampleApp-bvtnzyojtzckdkdmbgyxxxwseezb/Build/Intermediates.noindex/ExampleApp.build/Debug-iphoneos/ExampleApp.build/DerivedSources-normal/arm64 -Xcc -I/Users/josephbennett/Library/Developer/Xcode/DerivedData/ExampleApp-bvtnzyojtzckdkdmbgyxxxwseezb/Build/Intermediates.noindex/ExampleApp.build/Debug-iphoneos/ExampleApp.build/DerivedSources/arm64 -Xcc -I/Users/josephbennett/Library/Developer/Xcode/DerivedData/ExampleApp-bvtnzyojtzckdkdmbgyxxxwseezb/Build/Intermediates.noindex/ExampleApp.build/Debug-iphoneos/ExampleApp.build/DerivedSources -Xcc -DFX_PLATFORM_UNIX\=1 -emit-objc-header -emit-objc-header-path /Users/josephbennett/Library/Developer/Xcode/DerivedData/ExampleApp-bvtnzyojtzckdkdmbgyxxxwseezb/Build/Intermediates.noindex/ExampleApp.build/Debug-iphoneos/ExampleApp.build/Objects-normal/arm64/ExampleApp-Swift.h -working-directory /Users/josephbennett/Development/sensr/mobile_sensorbio_sdk_ios_binary/ExampleApp -experimental-emit-module-separately -disable-cmo

Ld /Users/josephbennett/Library/Developer/Xcode/DerivedData/ExampleApp-bvtnzyojtzckdkdmbgyxxxwseezb/Build/Products/Debug-iphoneos/ExampleApp.app/__preview.dylib normal (in target 'ExampleApp' from project 'ExampleApp')
    cd /Users/josephbennett/Development/sensr/mobile_sensorbio_sdk_ios_binary/ExampleApp
    /Applications/Xcode.app/Contents/Developer/Toolchains/XcodeDefault.xctoolchain/usr/bin/clang -Xlinker -reproducible -target arm64-apple-ios18.0 -dynamiclib -isysroot /Applications/Xcode.app/Contents/Developer/Platforms/iPhoneOS.platform/Developer/SDKs/iPhoneOS26.5.sdk -O0 -L/Users/josephbennett/Library/Developer/Xcode/DerivedData/ExampleApp-bvtnzyojtzckdkdmbgyxxxwseezb/Build/Products/Debug-iphoneos -F/Users/josephbennett/Library/Developer/Xcode/DerivedData/ExampleApp-bvtnzyojtzckdkdmbgyxxxwseezb/Build/Products/Debug-iphoneos/PackageFrameworks -F/Users/josephbennett/Library/Developer/Xcode/DerivedData/ExampleApp-bvtnzyojtzckdkdmbgyxxxwseezb/Build/Products/Debug-iphoneos -install_name @rpath/ExampleApp.debug.dylib -Xlinker -dead_strip -rdynamic -Xlinker -no_deduplicate -Xlinker -dependency_info -Xlinker /Users/josephbennett/Library/Developer/Xcode/DerivedData/ExampleApp-bvtnzyojtzckdkdmbgyxxxwseezb/Build/Intermediates.noindex/ExampleApp.build/Debug-iphoneos/ExampleApp.build/Objects-normal/arm64/ExampleApp_dependency_info.dat -o /Users/josephbennett/Library/Developer/Xcode/DerivedData/ExampleApp-bvtnzyojtzckdkdmbgyxxxwseezb/Build/Products/Debug-iphoneos/ExampleApp.app/__preview.dylib

Copy /Users/josephbennett/Library/Developer/Xcode/DerivedData/ExampleApp-bvtnzyojtzckdkdmbgyxxxwseezb/Build/Products/Debug-iphoneos/ExampleApp.app/Frameworks/SensorBioSDK.framework /Users/josephbennett/Development/sensr/mobile_sensorbio_sdk_ios_binary/SensorBio/SensorBioSDK.xcframework/ios-arm64/SensorBioSDK.framework (in target 'ExampleApp' from project 'ExampleApp')
    cd /Users/josephbennett/Development/sensr/mobile_sensorbio_sdk_ios_binary/ExampleApp
    builtin-copy -exclude .DS_Store -exclude CVS -exclude .svn -exclude .git -exclude .hg -exclude Headers -exclude PrivateHeaders -exclude Modules -exclude \*.tbd -bitcode-strip all -bitcode-strip-tool /Applications/Xcode.app/Contents/Developer/Toolchains/XcodeDefault.xctoolchain/usr/bin/bitcode_strip -resolve-src-symlinks -remove-static-executable /Users/josephbennett/Development/sensr/mobile_sensorbio_sdk_ios_binary/SensorBio/SensorBioSDK.xcframework/ios-arm64/SensorBioSDK.framework /Users/josephbennett/Library/Developer/Xcode/DerivedData/ExampleApp-bvtnzyojtzckdkdmbgyxxxwseezb/Build/Products/Debug-iphoneos/ExampleApp.app/Frameworks
note: Injecting stub binary into codeless framework (in target 'ExampleApp' from project 'ExampleApp')
    /Applications/Xcode.app/Contents/Developer/Toolchains/XcodeDefault.xctoolchain/usr/bin/clang -isysroot /Applications/Xcode.app/Contents/Developer/Platforms/iPhoneOS.platform/Developer/SDKs/iPhoneOS26.5.sdk -x c -c /dev/null -target arm64-apple-ios18.0 -o /private/var/folders/5y/dwrms9s90q94g2m3p2qsv5h80000gn/T/swbuild.tmp.Y5mcJrAb/Data.noindex/arm64-apple.o
    /Applications/Xcode.app/Contents/Developer/Toolchains/XcodeDefault.xctoolchain/usr/bin/clang -isysroot /Applications/Xcode.app/Contents/Developer/Platforms/iPhoneOS.platform/Developer/SDKs/iPhoneOS26.5.sdk -dynamiclib -Xlinker -adhoc_codesign -target arm64-apple-ios18.0 -o /private/var/folders/5y/dwrms9s90q94g2m3p2qsv5h80000gn/T/swbuild.tmp.Y5mcJrAb/Data.noindex/arm64-apple /private/var/folders/5y/dwrms9s90q94g2m3p2qsv5h80000gn/T/swbuild.tmp.Y5mcJrAb/Data.noindex/arm64-apple.o
    /Applications/Xcode.app/Contents/Developer/Toolchains/XcodeDefault.xctoolchain/usr/bin/lipo -create -output /Users/josephbennett/Library/Developer/Xcode/DerivedData/ExampleApp-bvtnzyojtzckdkdmbgyxxxwseezb/Build/Products/Debug-iphoneos/ExampleApp.app/Frameworks/SensorBioSDK.framework/SensorBioSDK /private/var/folders/5y/dwrms9s90q94g2m3p2qsv5h80000gn/T/swbuild.tmp.Y5mcJrAb/Data.noindex/arm64-apple

Copy /Users/josephbennett/Library/Developer/Xcode/DerivedData/ExampleApp-bvtnzyojtzckdkdmbgyxxxwseezb/Build/Products/Debug-iphoneos/ExampleApp.app/Frameworks/LibFXC.framework /Users/josephbennett/Development/sensr/mobile_sensorbio_sdk_ios_binary/SensorBio/LibFXC.xcframework/ios-arm64/LibFXC.framework (in target 'ExampleApp' from project 'ExampleApp')
    cd /Users/josephbennett/Development/sensr/mobile_sensorbio_sdk_ios_binary/ExampleApp
    builtin-copy -exclude .DS_Store -exclude CVS -exclude .svn -exclude .git -exclude .hg -exclude Headers -exclude PrivateHeaders -exclude Modules -exclude \*.tbd -bitcode-strip all -bitcode-strip-tool /Applications/Xcode.app/Contents/Developer/Toolchains/XcodeDefault.xctoolchain/usr/bin/bitcode_strip -resolve-src-symlinks -remove-static-executable /Users/josephbennett/Development/sensr/mobile_sensorbio_sdk_ios_binary/SensorBio/LibFXC.xcframework/ios-arm64/LibFXC.framework /Users/josephbennett/Library/Developer/Xcode/DerivedData/ExampleApp-bvtnzyojtzckdkdmbgyxxxwseezb/Build/Products/Debug-iphoneos/ExampleApp.app/Frameworks
/Applications/Xcode.app/Contents/Developer/Toolchains/XcodeDefault.xctoolchain/usr/bin/bitcode_strip /Users/josephbennett/Development/sensr/mobile_sensorbio_sdk_ios_binary/SensorBio/LibFXC.xcframework/ios-arm64/LibFXC.framework/LibFXC -r -o /Users/josephbennett/Library/Developer/Xcode/DerivedData/ExampleApp-bvtnzyojtzckdkdmbgyxxxwseezb/Build/Products/Debug-iphoneos/ExampleApp.app/Frameworks/LibFXC.framework/LibFXC

CompileAssetCatalogVariant thinned /Users/josephbennett/Library/Developer/Xcode/DerivedData/ExampleApp-bvtnzyojtzckdkdmbgyxxxwseezb/Build/Products/Debug-iphoneos/ExampleApp.app /Users/josephbennett/Development/sensr/mobile_sensorbio_sdk_ios_binary/ExampleApp/ExampleApp/Assets.xcassets (in target 'ExampleApp' from project 'ExampleApp')
    cd /Users/josephbennett/Development/sensr/mobile_sensorbio_sdk_ios_binary/ExampleApp
    /Applications/Xcode.app/Contents/Developer/usr/bin/actool /Users/josephbennett/Development/sensr/mobile_sensorbio_sdk_ios_binary/ExampleApp/ExampleApp/Assets.xcassets --compile /Users/josephbennett/Library/Developer/Xcode/DerivedData/ExampleApp-bvtnzyojtzckdkdmbgyxxxwseezb/Build/Intermediates.noindex/ExampleApp.build/Debug-iphoneos/ExampleApp.build/assetcatalog_output/thinned --output-format human-readable-text --notices --warnings --export-dependency-info /Users/josephbennett/Library/Developer/Xcode/DerivedData/ExampleApp-bvtnzyojtzckdkdmbgyxxxwseezb/Build/Intermediates.noindex/ExampleApp.build/Debug-iphoneos/ExampleApp.build/assetcatalog_dependencies_thinned --output-partial-info-plist /Users/josephbennett/Library/Developer/Xcode/DerivedData/ExampleApp-bvtnzyojtzckdkdmbgyxxxwseezb/Build/Intermediates.noindex/ExampleApp.build/Debug-iphoneos/ExampleApp.build/assetcatalog_generated_info.plist_thinned --app-icon AppIcon --compress-pngs --enable-on-demand-resources YES --development-region en --target-device iphone --target-device ipad --minimum-deployment-target 18.0 --platform iphoneos
/* com.apple.actool.compilation-results */
/Users/josephbennett/Library/Developer/Xcode/DerivedData/ExampleApp-bvtnzyojtzckdkdmbgyxxxwseezb/Build/Intermediates.noindex/ExampleApp.build/Debug-iphoneos/ExampleApp.build/assetcatalog_generated_info.plist_thinned
/Users/josephbennett/Library/Developer/Xcode/DerivedData/ExampleApp-bvtnzyojtzckdkdmbgyxxxwseezb/Build/Intermediates.noindex/ExampleApp.build/Debug-iphoneos/ExampleApp.build/assetcatalog_output/thinned/AppIcon60x60@2x.png
/Users/josephbennett/Library/Developer/Xcode/DerivedData/ExampleApp-bvtnzyojtzckdkdmbgyxxxwseezb/Build/Intermediates.noindex/ExampleApp.build/Debug-iphoneos/ExampleApp.build/assetcatalog_output/thinned/AppIcon76x76@2x~ipad.png
/Users/josephbennett/Library/Developer/Xcode/DerivedData/ExampleApp-bvtnzyojtzckdkdmbgyxxxwseezb/Build/Intermediates.noindex/ExampleApp.build/Debug-iphoneos/ExampleApp.build/assetcatalog_output/thinned/Assets.car


SwiftExplicitDependencyGeneratePcm arm64 /Users/josephbennett/Library/Developer/Xcode/DerivedData/ExampleApp-bvtnzyojtzckdkdmbgyxxxwseezb/Build/Intermediates.noindex/SwiftExplicitPrecompiledModules/LibFXC-3JMU61HWEW7LIDP8AWGDUPJTH.pcm
<module-includes>:1:9: note: in file included from <module-includes>:1:
1 | #import "Headers/LibFXC.h"
  |         `- note: in file included from <module-includes>:1:
2 | 

1 warning generated.
/Users/josephbennett/Library/Developer/Xcode/DerivedData/ExampleApp-bvtnzyojtzckdkdmbgyxxxwseezb/Build/Products/Debug-iphoneos/LibFXC.framework/Headers/LibFXC.h:22:9: warning: 'FX_PLATFORM_UNIX' macro redefined
20 | // In this header, you should import all the public headers of your framework using statements like #import <LibFXC/PublicHeader.h>
21 | 
22 | #define FX_PLATFORM_UNIX
   |         `- warning: 'FX_PLATFORM_UNIX' macro redefined
23 | 

<built-in>:488:9: note: previous definition is here
486 | #define __OBJC__ 1
487 | # 1 "<command line>" 1
488 | #define FX_PLATFORM_UNIX 1
    |         `- note: previous definition is here
489 | #define SWIFT_CLASS_EXTRA 
490 | #define SWIFT_SDK_OVERLAY2_SCENEKIT_EPOCH 3

SwiftExplicitDependencyCompileModuleFromInterface arm64 /Users/josephbennett/Library/Developer/Xcode/DerivedData/ExampleApp-bvtnzyojtzckdkdmbgyxxxwseezb/Build/Intermediates.noindex/SwiftExplicitPrecompiledModules/SensorBioSDK-K69ZUR0074PK.swiftmodule

SwiftEmitModule normal arm64 Emitting\ module\ for\ ExampleApp (in target 'ExampleApp' from project 'ExampleApp')

EmitSwiftModule normal arm64 (in target 'ExampleApp' from project 'ExampleApp')
    cd /Users/josephbennett/Development/sensr/mobile_sensorbio_sdk_ios_binary/ExampleApp
    

SwiftCompile normal arm64 Compiling\ SDKTokenExchange.swift /Users/josephbennett/Development/sensr/mobile_sensorbio_sdk_ios_binary/ExampleApp/ExampleApp/SDKTokenExchange.swift (in target 'ExampleApp' from project 'ExampleApp')

SwiftCompile normal arm64 /Users/josephbennett/Development/sensr/mobile_sensorbio_sdk_ios_binary/ExampleApp/ExampleApp/SDKTokenExchange.swift (in target 'ExampleApp' from project 'ExampleApp')
    cd /Users/josephbennett/Development/sensr/mobile_sensorbio_sdk_ios_binary/ExampleApp
    

SwiftCompile normal arm64 Compiling\ SDKTokenSheet.swift /Users/josephbennett/Development/sensr/mobile_sensorbio_sdk_ios_binary/ExampleApp/ExampleApp/SDKTokenSheet.swift (in target 'ExampleApp' from project 'ExampleApp')

SwiftCompile normal arm64 /Users/josephbennett/Development/sensr/mobile_sensorbio_sdk_ios_binary/ExampleApp/ExampleApp/SDKTokenSheet.swift (in target 'ExampleApp' from project 'ExampleApp')
    cd /Users/josephbennett/Development/sensr/mobile_sensorbio_sdk_ios_binary/ExampleApp
    

SwiftCompile normal arm64 Compiling\ GeneratedAssetSymbols.swift /Users/josephbennett/Library/Developer/Xcode/DerivedData/ExampleApp-bvtnzyojtzckdkdmbgyxxxwseezb/Build/Intermediates.noindex/ExampleApp.build/Debug-iphoneos/ExampleApp.build/DerivedSources/GeneratedAssetSymbols.swift (in target 'ExampleApp' from project 'ExampleApp')

SwiftCompile normal arm64 /Users/josephbennett/Library/Developer/Xcode/DerivedData/ExampleApp-bvtnzyojtzckdkdmbgyxxxwseezb/Build/Intermediates.noindex/ExampleApp.build/Debug-iphoneos/ExampleApp.build/DerivedSources/GeneratedAssetSymbols.swift (in target 'ExampleApp' from project 'ExampleApp')
    cd /Users/josephbennett/Development/sensr/mobile_sensorbio_sdk_ios_binary/ExampleApp
    

SwiftCompile normal arm64 Compiling\ RegisterFormState.swift /Users/josephbennett/Development/sensr/mobile_sensorbio_sdk_ios_binary/ExampleApp/ExampleApp/RegisterFormState.swift (in target 'ExampleApp' from project 'ExampleApp')

SwiftCompile normal arm64 /Users/josephbennett/Development/sensr/mobile_sensorbio_sdk_ios_binary/ExampleApp/ExampleApp/RegisterFormState.swift (in target 'ExampleApp' from project 'ExampleApp')
    cd /Users/josephbennett/Development/sensr/mobile_sensorbio_sdk_ios_binary/ExampleApp
    

SwiftCompile normal arm64 Compiling\ SleepDetailView.swift /Users/josephbennett/Development/sensr/mobile_sensorbio_sdk_ios_binary/ExampleApp/ExampleApp/SleepDetailView.swift (in target 'ExampleApp' from project 'ExampleApp')

SwiftCompile normal arm64 /Users/josephbennett/Development/sensr/mobile_sensorbio_sdk_ios_binary/ExampleApp/ExampleApp/SleepDetailView.swift (in target 'ExampleApp' from project 'ExampleApp')
    cd /Users/josephbennett/Development/sensr/mobile_sensorbio_sdk_ios_binary/ExampleApp
    

SwiftCompile normal arm64 Compiling\ RegisterView.swift /Users/josephbennett/Development/sensr/mobile_sensorbio_sdk_ios_binary/ExampleApp/ExampleApp/RegisterView.swift (in target 'ExampleApp' from project 'ExampleApp')

SwiftCompile normal arm64 /Users/josephbennett/Development/sensr/mobile_sensorbio_sdk_ios_binary/ExampleApp/ExampleApp/RegisterView.swift (in target 'ExampleApp' from project 'ExampleApp')
    cd /Users/josephbennett/Development/sensr/mobile_sensorbio_sdk_ios_binary/ExampleApp
    

SwiftCompile normal arm64 Compiling\ DashboardView.swift,\ HRDetailView.swift /Users/josephbennett/Development/sensr/mobile_sensorbio_sdk_ios_binary/ExampleApp/ExampleApp/DashboardView.swift /Users/josephbennett/Development/sensr/mobile_sensorbio_sdk_ios_binary/ExampleApp/ExampleApp/HRDetailView.swift (in target 'ExampleApp' from project 'ExampleApp')

SwiftCompile normal arm64 /Users/josephbennett/Development/sensr/mobile_sensorbio_sdk_ios_binary/ExampleApp/ExampleApp/DashboardView.swift (in target 'ExampleApp' from project 'ExampleApp')
    cd /Users/josephbennett/Development/sensr/mobile_sensorbio_sdk_ios_binary/ExampleApp
    

SwiftCompile normal arm64 /Users/josephbennett/Development/sensr/mobile_sensorbio_sdk_ios_binary/ExampleApp/ExampleApp/HRDetailView.swift (in target 'ExampleApp' from project 'ExampleApp')
    cd /Users/josephbennett/Development/sensr/mobile_sensorbio_sdk_ios_binary/ExampleApp
    

SwiftCompile normal arm64 Compiling\ Metric.swift,\ PairDeviceState.swift /Users/josephbennett/Development/sensr/mobile_sensorbio_sdk_ios_binary/ExampleApp/ExampleApp/Metric.swift /Users/josephbennett/Development/sensr/mobile_sensorbio_sdk_ios_binary/ExampleApp/ExampleApp/PairDeviceState.swift (in target 'ExampleApp' from project 'ExampleApp')

SwiftCompile normal arm64 /Users/josephbennett/Development/sensr/mobile_sensorbio_sdk_ios_binary/ExampleApp/ExampleApp/Metric.swift (in target 'ExampleApp' from project 'ExampleApp')
    cd /Users/josephbennett/Development/sensr/mobile_sensorbio_sdk_ios_binary/ExampleApp
    
/Users/josephbennett/Development/sensr/mobile_sensorbio_sdk_ios_binary/ExampleApp/ExampleApp/Metric.swift:49:9: warning: switch covers known cases, but 'SB_BiometricValueType' may have additional unknown values; this is an error in the Swift 6 language mode
        switch self {
        ^
/Users/josephbennett/Development/sensr/mobile_sensorbio_sdk_ios_binary/ExampleApp/ExampleApp/Metric.swift:49:9: note: handle unknown values using "@unknown default"
        switch self {
        ^

SwiftCompile normal arm64 /Users/josephbennett/Development/sensr/mobile_sensorbio_sdk_ios_binary/ExampleApp/ExampleApp/PairDeviceState.swift (in target 'ExampleApp' from project 'ExampleApp')
    cd /Users/josephbennett/Development/sensr/mobile_sensorbio_sdk_ios_binary/ExampleApp
    
/Users/josephbennett/Development/sensr/mobile_sensorbio_sdk_ios_binary/ExampleApp/ExampleApp/PairDeviceState.swift:61:9: warning: switch covers known cases, but 'SB_PairingFailure' may have additional unknown values; this is an error in the Swift 6 language mode
        switch self {
        ^
/Users/josephbennett/Development/sensr/mobile_sensorbio_sdk_ios_binary/ExampleApp/ExampleApp/PairDeviceState.swift:61:9: note: handle unknown values using "@unknown default"
        switch self {
        ^

SwiftCompile normal arm64 Compiling\ InsightsView.swift,\ MainTabView.swift /Users/josephbennett/Development/sensr/mobile_sensorbio_sdk_ios_binary/ExampleApp/ExampleApp/InsightsView.swift /Users/josephbennett/Development/sensr/mobile_sensorbio_sdk_ios_binary/ExampleApp/ExampleApp/MainTabView.swift (in target 'ExampleApp' from project 'ExampleApp')

SwiftCompile normal arm64 /Users/josephbennett/Development/sensr/mobile_sensorbio_sdk_ios_binary/ExampleApp/ExampleApp/InsightsView.swift (in target 'ExampleApp' from project 'ExampleApp')
    cd /Users/josephbennett/Development/sensr/mobile_sensorbio_sdk_ios_binary/ExampleApp
    

SwiftCompile normal arm64 /Users/josephbennett/Development/sensr/mobile_sensorbio_sdk_ios_binary/ExampleApp/ExampleApp/MainTabView.swift (in target 'ExampleApp' from project 'ExampleApp')
    cd /Users/josephbennett/Development/sensr/mobile_sensorbio_sdk_ios_binary/ExampleApp
    

SwiftCompile normal arm64 Compiling\ SDKExampleApp.swift /Users/josephbennett/Development/sensr/mobile_sensorbio_sdk_ios_binary/ExampleApp/ExampleApp/SDKExampleApp.swift (in target 'ExampleApp' from project 'ExampleApp')

SwiftCompile normal arm64 /Users/josephbennett/Development/sensr/mobile_sensorbio_sdk_ios_binary/ExampleApp/ExampleApp/SDKExampleApp.swift (in target 'ExampleApp' from project 'ExampleApp')
    cd /Users/josephbennett/Development/sensr/mobile_sensorbio_sdk_ios_binary/ExampleApp
    

SwiftCompile normal arm64 Compiling\ RRDetailView.swift,\ RecoveryDetailView.swift /Users/josephbennett/Development/sensr/mobile_sensorbio_sdk_ios_binary/ExampleApp/ExampleApp/RRDetailView.swift /Users/josephbennett/Development/sensr/mobile_sensorbio_sdk_ios_binary/ExampleApp/ExampleApp/RecoveryDetailView.swift (in target 'ExampleApp' from project 'ExampleApp')

SwiftCompile normal arm64 /Users/josephbennett/Development/sensr/mobile_sensorbio_sdk_ios_binary/ExampleApp/ExampleApp/RRDetailView.swift (in target 'ExampleApp' from project 'ExampleApp')
    cd /Users/josephbennett/Development/sensr/mobile_sensorbio_sdk_ios_binary/ExampleApp
    

SwiftCompile normal arm64 /Users/josephbennett/Development/sensr/mobile_sensorbio_sdk_ios_binary/ExampleApp/ExampleApp/RecoveryDetailView.swift (in target 'ExampleApp' from project 'ExampleApp')
    cd /Users/josephbennett/Development/sensr/mobile_sensorbio_sdk_ios_binary/ExampleApp
    

SwiftCompile normal arm64 Compiling\ AppDateContext.swift,\ CaloriesDetailView.swift /Users/josephbennett/Development/sensr/mobile_sensorbio_sdk_ios_binary/ExampleApp/ExampleApp/AppDateContext.swift /Users/josephbennett/Development/sensr/mobile_sensorbio_sdk_ios_binary/ExampleApp/ExampleApp/CaloriesDetailView.swift (in target 'ExampleApp' from project 'ExampleApp')

SwiftCompile normal arm64 /Users/josephbennett/Development/sensr/mobile_sensorbio_sdk_ios_binary/ExampleApp/ExampleApp/AppDateContext.swift (in target 'ExampleApp' from project 'ExampleApp')
    cd /Users/josephbennett/Development/sensr/mobile_sensorbio_sdk_ios_binary/ExampleApp
    

SwiftCompile normal arm64 /Users/josephbennett/Development/sensr/mobile_sensorbio_sdk_ios_binary/ExampleApp/ExampleApp/CaloriesDetailView.swift (in target 'ExampleApp' from project 'ExampleApp')
    cd /Users/josephbennett/Development/sensr/mobile_sensorbio_sdk_ios_binary/ExampleApp
    

SwiftCompile normal arm64 Compiling\ StepsDetailView.swift /Users/josephbennett/Development/sensr/mobile_sensorbio_sdk_ios_binary/ExampleApp/ExampleApp/StepsDetailView.swift (in target 'ExampleApp' from project 'ExampleApp')

SwiftCompile normal arm64 /Users/josephbennett/Development/sensr/mobile_sensorbio_sdk_ios_binary/ExampleApp/ExampleApp/StepsDetailView.swift (in target 'ExampleApp' from project 'ExampleApp')
    cd /Users/josephbennett/Development/sensr/mobile_sensorbio_sdk_ios_binary/ExampleApp
    

SwiftCompile normal arm64 Compiling\ ContentView.swift,\ DashboardState.swift /Users/josephbennett/Development/sensr/mobile_sensorbio_sdk_ios_binary/ExampleApp/ExampleApp/ContentView.swift /Users/josephbennett/Development/sensr/mobile_sensorbio_sdk_ios_binary/ExampleApp/ExampleApp/DashboardState.swift (in target 'ExampleApp' from project 'ExampleApp')

SwiftCompile normal arm64 /Users/josephbennett/Development/sensr/mobile_sensorbio_sdk_ios_binary/ExampleApp/ExampleApp/ContentView.swift (in target 'ExampleApp' from project 'ExampleApp')
    cd /Users/josephbennett/Development/sensr/mobile_sensorbio_sdk_ios_binary/ExampleApp
    

SwiftCompile normal arm64 /Users/josephbennett/Development/sensr/mobile_sensorbio_sdk_ios_binary/ExampleApp/ExampleApp/DashboardState.swift (in target 'ExampleApp' from project 'ExampleApp')
    cd /Users/josephbennett/Development/sensr/mobile_sensorbio_sdk_ios_binary/ExampleApp
    

SwiftCompile normal arm64 Compiling\ HRVDetailView.swift,\ InsightsState.swift /Users/josephbennett/Development/sensr/mobile_sensorbio_sdk_ios_binary/ExampleApp/ExampleApp/HRVDetailView.swift /Users/josephbennett/Development/sensr/mobile_sensorbio_sdk_ios_binary/ExampleApp/ExampleApp/InsightsState.swift (in target 'ExampleApp' from project 'ExampleApp')

SwiftCompile normal arm64 /Users/josephbennett/Development/sensr/mobile_sensorbio_sdk_ios_binary/ExampleApp/ExampleApp/HRVDetailView.swift (in target 'ExampleApp' from project 'ExampleApp')
    cd /Users/josephbennett/Development/sensr/mobile_sensorbio_sdk_ios_binary/ExampleApp
    

SwiftCompile normal arm64 /Users/josephbennett/Development/sensr/mobile_sensorbio_sdk_ios_binary/ExampleApp/ExampleApp/InsightsState.swift (in target 'ExampleApp' from project 'ExampleApp')
    cd /Users/josephbennett/Development/sensr/mobile_sensorbio_sdk_ios_binary/ExampleApp
    

SwiftDriverJobDiscovery normal arm64 Compiling GeneratedAssetSymbols.swift (in target 'ExampleApp' from project 'ExampleApp')

SwiftCompile normal arm64 Compiling\ PairDeviceView.swift,\ ProfileView.swift /Users/josephbennett/Development/sensr/mobile_sensorbio_sdk_ios_binary/ExampleApp/ExampleApp/PairDeviceView.swift /Users/josephbennett/Development/sensr/mobile_sensorbio_sdk_ios_binary/ExampleApp/ExampleApp/ProfileView.swift (in target 'ExampleApp' from project 'ExampleApp')

SwiftCompile normal arm64 /Users/josephbennett/Development/sensr/mobile_sensorbio_sdk_ios_binary/ExampleApp/ExampleApp/PairDeviceView.swift (in target 'ExampleApp' from project 'ExampleApp')
    cd /Users/josephbennett/Development/sensr/mobile_sensorbio_sdk_ios_binary/ExampleApp
    
/Users/josephbennett/Development/sensr/mobile_sensorbio_sdk_ios_binary/ExampleApp/ExampleApp/PairDeviceView.swift:44:13: warning: switch covers known cases, but 'SB_PairingState?' may have additional unknown values; this is an error in the Swift 6 language mode
            switch state.pairingState {
            ^
/Users/josephbennett/Development/sensr/mobile_sensorbio_sdk_ios_binary/ExampleApp/ExampleApp/PairDeviceView.swift:44:13: note: add missing case: '.some(_)'
            switch state.pairingState {
            ^

SwiftCompile normal arm64 /Users/josephbennett/Development/sensr/mobile_sensorbio_sdk_ios_binary/ExampleApp/ExampleApp/ProfileView.swift (in target 'ExampleApp' from project 'ExampleApp')
    cd /Users/josephbennett/Development/sensr/mobile_sensorbio_sdk_ios_binary/ExampleApp
    

SwiftDriverJobDiscovery normal arm64 Compiling SDKExampleApp.swift (in target 'ExampleApp' from project 'ExampleApp')

SwiftDriverJobDiscovery normal arm64 Compiling SDKTokenSheet.swift (in target 'ExampleApp' from project 'ExampleApp')

SwiftDriverJobDiscovery normal arm64 Compiling StepsDetailView.swift (in target 'ExampleApp' from project 'ExampleApp')

SwiftDriverJobDiscovery normal arm64 Compiling SDKTokenExchange.swift (in target 'ExampleApp' from project 'ExampleApp')

SwiftDriverJobDiscovery normal arm64 Compiling Metric.swift, PairDeviceState.swift (in target 'ExampleApp' from project 'ExampleApp')

SwiftDriverJobDiscovery normal arm64 Compiling AppDateContext.swift, CaloriesDetailView.swift (in target 'ExampleApp' from project 'ExampleApp')

SwiftDriverJobDiscovery normal arm64 Compiling ContentView.swift, DashboardState.swift (in target 'ExampleApp' from project 'ExampleApp')

SwiftDriverJobDiscovery normal arm64 Compiling RegisterFormState.swift (in target 'ExampleApp' from project 'ExampleApp')

SwiftDriverJobDiscovery normal arm64 Compiling RRDetailView.swift, RecoveryDetailView.swift (in target 'ExampleApp' from project 'ExampleApp')

SwiftDriverJobDiscovery normal arm64 Emitting module for ExampleApp (in target 'ExampleApp' from project 'ExampleApp')

SwiftDriver\ Compilation\ Requirements ExampleApp normal arm64 com.apple.xcode.tools.swift.compiler (in target 'ExampleApp' from project 'ExampleApp')
    cd /Users/josephbennett/Development/sensr/mobile_sensorbio_sdk_ios_binary/ExampleApp
    builtin-Swift-Compilation-Requirements -- /Applications/Xcode.app/Contents/Developer/Toolchains/XcodeDefault.xctoolchain/usr/bin/swiftc -module-name ExampleApp -Onone @/Users/josephbennett/Library/Developer/Xcode/DerivedData/ExampleApp-bvtnzyojtzckdkdmbgyxxxwseezb/Build/Intermediates.noindex/ExampleApp.build/Debug-iphoneos/ExampleApp.build/Objects-normal/arm64/ExampleApp.SwiftFileList -DDEBUG -enable-bare-slash-regex -enable-experimental-feature DebugDescriptionMacro -sdk /Applications/Xcode.app/Contents/Developer/Platforms/iPhoneOS.platform/Developer/SDKs/iPhoneOS26.5.sdk -target arm64-apple-ios18.0 -g -module-cache-path /Users/josephbennett/Library/Developer/Xcode/DerivedData/ModuleCache.noindex -Xfrontend -serialize-debugging-options -enable-testing -index-store-path /Users/josephbennett/Library/Developer/Xcode/DerivedData/ExampleApp-bvtnzyojtzckdkdmbgyxxxwseezb/Index.noindex/DataStore -Xcc -D_LIBCPP_HARDENING_MODE\=_LIBCPP_HARDENING_MODE_DEBUG -swift-version 5 -I /Users/josephbennett/Library/Developer/Xcode/DerivedData/ExampleApp-bvtnzyojtzckdkdmbgyxxxwseezb/Build/Products/Debug-iphoneos -F /Users/josephbennett/Library/Developer/Xcode/DerivedData/ExampleApp-bvtnzyojtzckdkdmbgyxxxwseezb/Build/Products/Debug-iphoneos/PackageFrameworks -F /Users/josephbennett/Library/Developer/Xcode/DerivedData/ExampleApp-bvtnzyojtzckdkdmbgyxxxwseezb/Build/Products/Debug-iphoneos -c -j16 -enable-batch-mode -incremental -Xcc -ivfsstatcache -Xcc /Users/josephbennett/Library/Developer/Xcode/DerivedData/SDKStatCaches.noindex/iphoneos26.5-23F81a-32daed1954a7d5dd0789fcaf2a9bb78b.sdkstatcache -output-file-map /Users/josephbennett/Library/Developer/Xcode/DerivedData/ExampleApp-bvtnzyojtzckdkdmbgyxxxwseezb/Build/Intermediates.noindex/ExampleApp.build/Debug-iphoneos/ExampleApp.build/Objects-normal/arm64/ExampleApp-OutputFileMap.json -use-frontend-parseable-output -save-temps -no-color-diagnostics -explicit-module-build -module-cache-path /Users/josephbennett/Library/Developer/Xcode/DerivedData/ExampleApp-bvtnzyojtzckdkdmbgyxxxwseezb/Build/Intermediates.noindex/SwiftExplicitPrecompiledModules -clang-scanner-module-cache-path /Users/josephbennett/Library/Developer/Xcode/DerivedData/ModuleCache.noindex -sdk-module-cache-path /Users/josephbennett/Library/Developer/Xcode/DerivedData/ModuleCache.noindex -serialize-diagnostics -emit-dependencies -emit-module -emit-module-path /Users/josephbennett/Library/Developer/Xcode/DerivedData/ExampleApp-bvtnzyojtzckdkdmbgyxxxwseezb/Build/Intermediates.noindex/ExampleApp.build/Debug-iphoneos/ExampleApp.build/Objects-normal/arm64/ExampleApp.swiftmodule -validate-clang-modules-once -clang-build-session-file /Users/josephbennett/Library/Developer/Xcode/DerivedData/ModuleCache.noindex/Session.modulevalidation -Xcc -I/Users/josephbennett/Library/Developer/Xcode/DerivedData/ExampleApp-bvtnzyojtzckdkdmbgyxxxwseezb/Build/Intermediates.noindex/ExampleApp.build/Debug-iphoneos/ExampleApp.build/swift-overrides.hmap -emit-const-values -Xfrontend -const-gather-protocols-file -Xfrontend /Users/josephbennett/Library/Developer/Xcode/DerivedData/ExampleApp-bvtnzyojtzckdkdmbgyxxxwseezb/Build/Intermediates.noindex/ExampleApp.build/Debug-iphoneos/ExampleApp.build/Objects-normal/arm64/ExampleApp_const_extract_protocols.json -Xcc -iquote -Xcc /Users/josephbennett/Library/Developer/Xcode/DerivedData/ExampleApp-bvtnzyojtzckdkdmbgyxxxwseezb/Build/Intermediates.noindex/ExampleApp.build/Debug-iphoneos/ExampleApp.build/ExampleApp-generated-files.hmap -Xcc -I/Users/josephbennett/Library/Developer/Xcode/DerivedData/ExampleApp-bvtnzyojtzckdkdmbgyxxxwseezb/Build/Intermediates.noindex/ExampleApp.build/Debug-iphoneos/ExampleApp.build/ExampleApp-own-target-headers.hmap -Xcc -I/Users/josephbennett/Library/Developer/Xcode/DerivedData/ExampleApp-bvtnzyojtzckdkdmbgyxxxwseezb/Build/Intermediates.noindex/ExampleApp.build/Debug-iphoneos/ExampleApp.build/ExampleApp-all-non-framework-target-headers.hmap -Xcc -ivfsoverlay -Xcc /Users/josephbennett/Library/Developer/Xcode/DerivedData/ExampleApp-bvtnzyojtzckdkdmbgyxxxwseezb/Build/Intermediates.noindex/ExampleApp.build/Debug-iphoneos/ExampleApp-1c44b7db8fcdc35b4a56dd4f6b7e06ef-VFS-iphoneos/all-product-headers.yaml -Xcc -iquote -Xcc /Users/josephbennett/Library/Developer/Xcode/DerivedData/ExampleApp-bvtnzyojtzckdkdmbgyxxxwseezb/Build/Intermediates.noindex/ExampleApp.build/Debug-iphoneos/ExampleApp.build/ExampleApp-project-headers.hmap -Xcc -I/Users/josephbennett/Library/Developer/Xcode/DerivedData/ExampleApp-bvtnzyojtzckdkdmbgyxxxwseezb/Build/Products/Debug-iphoneos/include -Xcc -I/Users/josephbennett/Library/Developer/Xcode/DerivedData/ExampleApp-bvtnzyojtzckdkdmbgyxxxwseezb/Build/Intermediates.noindex/ExampleApp.build/Debug-iphoneos/ExampleApp.build/DerivedSources-normal/arm64 -Xcc -I/Users/josephbennett/Library/Developer/Xcode/DerivedData/ExampleApp-bvtnzyojtzckdkdmbgyxxxwseezb/Build/Intermediates.noindex/ExampleApp.build/Debug-iphoneos/ExampleApp.build/DerivedSources/arm64 -Xcc -I/Users/josephbennett/Library/Developer/Xcode/DerivedData/ExampleApp-bvtnzyojtzckdkdmbgyxxxwseezb/Build/Intermediates.noindex/ExampleApp.build/Debug-iphoneos/ExampleApp.build/DerivedSources -Xcc -DFX_PLATFORM_UNIX\=1 -emit-objc-header -emit-objc-header-path /Users/josephbennett/Library/Developer/Xcode/DerivedData/ExampleApp-bvtnzyojtzckdkdmbgyxxxwseezb/Build/Intermediates.noindex/ExampleApp.build/Debug-iphoneos/ExampleApp.build/Objects-normal/arm64/ExampleApp-Swift.h -working-directory /Users/josephbennett/Development/sensr/mobile_sensorbio_sdk_ios_binary/ExampleApp -experimental-emit-module-separately -disable-cmo

Copy /Users/josephbennett/Library/Developer/Xcode/DerivedData/ExampleApp-bvtnzyojtzckdkdmbgyxxxwseezb/Build/Products/Debug-iphoneos/ExampleApp.swiftmodule/arm64-apple-ios.abi.json /Users/josephbennett/Library/Developer/Xcode/DerivedData/ExampleApp-bvtnzyojtzckdkdmbgyxxxwseezb/Build/Intermediates.noindex/ExampleApp.build/Debug-iphoneos/ExampleApp.build/Objects-normal/arm64/ExampleApp.abi.json (in target 'ExampleApp' from project 'ExampleApp')
    cd /Users/josephbennett/Development/sensr/mobile_sensorbio_sdk_ios_binary/ExampleApp
    builtin-copy -exclude .DS_Store -exclude CVS -exclude .svn -exclude .git -exclude .hg -resolve-src-symlinks -rename /Users/josephbennett/Library/Developer/Xcode/DerivedData/ExampleApp-bvtnzyojtzckdkdmbgyxxxwseezb/Build/Intermediates.noindex/ExampleApp.build/Debug-iphoneos/ExampleApp.build/Objects-normal/arm64/ExampleApp.abi.json /Users/josephbennett/Library/Developer/Xcode/DerivedData/ExampleApp-bvtnzyojtzckdkdmbgyxxxwseezb/Build/Products/Debug-iphoneos/ExampleApp.swiftmodule/arm64-apple-ios.abi.json

SwiftDriverJobDiscovery normal arm64 Compiling HRVDetailView.swift, InsightsState.swift (in target 'ExampleApp' from project 'ExampleApp')

SwiftDriverJobDiscovery normal arm64 Compiling RegisterView.swift (in target 'ExampleApp' from project 'ExampleApp')

SwiftDriverJobDiscovery normal arm64 Compiling DashboardView.swift, HRDetailView.swift (in target 'ExampleApp' from project 'ExampleApp')

SwiftDriverJobDiscovery normal arm64 Compiling SleepDetailView.swift (in target 'ExampleApp' from project 'ExampleApp')

SwiftDriverJobDiscovery normal arm64 Compiling InsightsView.swift, MainTabView.swift (in target 'ExampleApp' from project 'ExampleApp')

SwiftDriverJobDiscovery normal arm64 Compiling PairDeviceView.swift, ProfileView.swift (in target 'ExampleApp' from project 'ExampleApp')

SwiftDriver\ Compilation ExampleApp normal arm64 com.apple.xcode.tools.swift.compiler (in target 'ExampleApp' from project 'ExampleApp')
    cd /Users/josephbennett/Development/sensr/mobile_sensorbio_sdk_ios_binary/ExampleApp
    builtin-Swift-Compilation -- /Applications/Xcode.app/Contents/Developer/Toolchains/XcodeDefault.xctoolchain/usr/bin/swiftc -module-name ExampleApp -Onone @/Users/josephbennett/Library/Developer/Xcode/DerivedData/ExampleApp-bvtnzyojtzckdkdmbgyxxxwseezb/Build/Intermediates.noindex/ExampleApp.build/Debug-iphoneos/ExampleApp.build/Objects-normal/arm64/ExampleApp.SwiftFileList -DDEBUG -enable-bare-slash-regex -enable-experimental-feature DebugDescriptionMacro -sdk /Applications/Xcode.app/Contents/Developer/Platforms/iPhoneOS.platform/Developer/SDKs/iPhoneOS26.5.sdk -target arm64-apple-ios18.0 -g -module-cache-path /Users/josephbennett/Library/Developer/Xcode/DerivedData/ModuleCache.noindex -Xfrontend -serialize-debugging-options -enable-testing -index-store-path /Users/josephbennett/Library/Developer/Xcode/DerivedData/ExampleApp-bvtnzyojtzckdkdmbgyxxxwseezb/Index.noindex/DataStore -Xcc -D_LIBCPP_HARDENING_MODE\=_LIBCPP_HARDENING_MODE_DEBUG -swift-version 5 -I /Users/josephbennett/Library/Developer/Xcode/DerivedData/ExampleApp-bvtnzyojtzckdkdmbgyxxxwseezb/Build/Products/Debug-iphoneos -F /Users/josephbennett/Library/Developer/Xcode/DerivedData/ExampleApp-bvtnzyojtzckdkdmbgyxxxwseezb/Build/Products/Debug-iphoneos/PackageFrameworks -F /Users/josephbennett/Library/Developer/Xcode/DerivedData/ExampleApp-bvtnzyojtzckdkdmbgyxxxwseezb/Build/Products/Debug-iphoneos -c -j16 -enable-batch-mode -incremental -Xcc -ivfsstatcache -Xcc /Users/josephbennett/Library/Developer/Xcode/DerivedData/SDKStatCaches.noindex/iphoneos26.5-23F81a-32daed1954a7d5dd0789fcaf2a9bb78b.sdkstatcache -output-file-map /Users/josephbennett/Library/Developer/Xcode/DerivedData/ExampleApp-bvtnzyojtzckdkdmbgyxxxwseezb/Build/Intermediates.noindex/ExampleApp.build/Debug-iphoneos/ExampleApp.build/Objects-normal/arm64/ExampleApp-OutputFileMap.json -use-frontend-parseable-output -save-temps -no-color-diagnostics -explicit-module-build -module-cache-path /Users/josephbennett/Library/Developer/Xcode/DerivedData/ExampleApp-bvtnzyojtzckdkdmbgyxxxwseezb/Build/Intermediates.noindex/SwiftExplicitPrecompiledModules -clang-scanner-module-cache-path /Users/josephbennett/Library/Developer/Xcode/DerivedData/ModuleCache.noindex -sdk-module-cache-path /Users/josephbennett/Library/Developer/Xcode/DerivedData/ModuleCache.noindex -serialize-diagnostics -emit-dependencies -emit-module -emit-module-path /Users/josephbennett/Library/Developer/Xcode/DerivedData/ExampleApp-bvtnzyojtzckdkdmbgyxxxwseezb/Build/Intermediates.noindex/ExampleApp.build/Debug-iphoneos/ExampleApp.build/Objects-normal/arm64/ExampleApp.swiftmodule -validate-clang-modules-once -clang-build-session-file /Users/josephbennett/Library/Developer/Xcode/DerivedData/ModuleCache.noindex/Session.modulevalidation -Xcc -I/Users/josephbennett/Library/Developer/Xcode/DerivedData/ExampleApp-bvtnzyojtzckdkdmbgyxxxwseezb/Build/Intermediates.noindex/ExampleApp.build/Debug-iphoneos/ExampleApp.build/swift-overrides.hmap -emit-const-values -Xfrontend -const-gather-protocols-file -Xfrontend /Users/josephbennett/Library/Developer/Xcode/DerivedData/ExampleApp-bvtnzyojtzckdkdmbgyxxxwseezb/Build/Intermediates.noindex/ExampleApp.build/Debug-iphoneos/ExampleApp.build/Objects-normal/arm64/ExampleApp_const_extract_protocols.json -Xcc -iquote -Xcc /Users/josephbennett/Library/Developer/Xcode/DerivedData/ExampleApp-bvtnzyojtzckdkdmbgyxxxwseezb/Build/Intermediates.noindex/ExampleApp.build/Debug-iphoneos/ExampleApp.build/ExampleApp-generated-files.hmap -Xcc -I/Users/josephbennett/Library/Developer/Xcode/DerivedData/ExampleApp-bvtnzyojtzckdkdmbgyxxxwseezb/Build/Intermediates.noindex/ExampleApp.build/Debug-iphoneos/ExampleApp.build/ExampleApp-own-target-headers.hmap -Xcc -I/Users/josephbennett/Library/Developer/Xcode/DerivedData/ExampleApp-bvtnzyojtzckdkdmbgyxxxwseezb/Build/Intermediates.noindex/ExampleApp.build/Debug-iphoneos/ExampleApp.build/ExampleApp-all-non-framework-target-headers.hmap -Xcc -ivfsoverlay -Xcc /Users/josephbennett/Library/Developer/Xcode/DerivedData/ExampleApp-bvtnzyojtzckdkdmbgyxxxwseezb/Build/Intermediates.noindex/ExampleApp.build/Debug-iphoneos/ExampleApp-1c44b7db8fcdc35b4a56dd4f6b7e06ef-VFS-iphoneos/all-product-headers.yaml -Xcc -iquote -Xcc /Users/josephbennett/Library/Developer/Xcode/DerivedData/ExampleApp-bvtnzyojtzckdkdmbgyxxxwseezb/Build/Intermediates.noindex/ExampleApp.build/Debug-iphoneos/ExampleApp.build/ExampleApp-project-headers.hmap -Xcc -I/Users/josephbennett/Library/Developer/Xcode/DerivedData/ExampleApp-bvtnzyojtzckdkdmbgyxxxwseezb/Build/Products/Debug-iphoneos/include -Xcc -I/Users/josephbennett/Library/Developer/Xcode/DerivedData/ExampleApp-bvtnzyojtzckdkdmbgyxxxwseezb/Build/Intermediates.noindex/ExampleApp.build/Debug-iphoneos/ExampleApp.build/DerivedSources-normal/arm64 -Xcc -I/Users/josephbennett/Library/Developer/Xcode/DerivedData/ExampleApp-bvtnzyojtzckdkdmbgyxxxwseezb/Build/Intermediates.noindex/ExampleApp.build/Debug-iphoneos/ExampleApp.build/DerivedSources/arm64 -Xcc -I/Users/josephbennett/Library/Developer/Xcode/DerivedData/ExampleApp-bvtnzyojtzckdkdmbgyxxxwseezb/Build/Intermediates.noindex/ExampleApp.build/Debug-iphoneos/ExampleApp.build/DerivedSources -Xcc -DFX_PLATFORM_UNIX\=1 -emit-objc-header -emit-objc-header-path /Users/josephbennett/Library/Developer/Xcode/DerivedData/ExampleApp-bvtnzyojtzckdkdmbgyxxxwseezb/Build/Intermediates.noindex/ExampleApp.build/Debug-iphoneos/ExampleApp.build/Objects-normal/arm64/ExampleApp-Swift.h -working-directory /Users/josephbennett/Development/sensr/mobile_sensorbio_sdk_ios_binary/ExampleApp -experimental-emit-module-separately -disable-cmo

Ld /Users/josephbennett/Library/Developer/Xcode/DerivedData/ExampleApp-bvtnzyojtzckdkdmbgyxxxwseezb/Build/Products/Debug-iphoneos/ExampleApp.app/ExampleApp.debug.dylib normal (in target 'ExampleApp' from project 'ExampleApp')
    cd /Users/josephbennett/Development/sensr/mobile_sensorbio_sdk_ios_binary/ExampleApp
    /Applications/Xcode.app/Contents/Developer/Toolchains/XcodeDefault.xctoolchain/usr/bin/clang -Xlinker -reproducible -target arm64-apple-ios18.0 -dynamiclib -isysroot /Applications/Xcode.app/Contents/Developer/Platforms/iPhoneOS.platform/Developer/SDKs/iPhoneOS26.5.sdk -O0 -L/Users/josephbennett/Library/Developer/Xcode/DerivedData/ExampleApp-bvtnzyojtzckdkdmbgyxxxwseezb/Build/Intermediates.noindex/EagerLinkingTBDs/Debug-iphoneos -L/Users/josephbennett/Library/Developer/Xcode/DerivedData/ExampleApp-bvtnzyojtzckdkdmbgyxxxwseezb/Build/Products/Debug-iphoneos -F/Users/josephbennett/Library/Developer/Xcode/DerivedData/ExampleApp-bvtnzyojtzckdkdmbgyxxxwseezb/Build/Intermediates.noindex/EagerLinkingTBDs/Debug-iphoneos -F/Users/josephbennett/Library/Developer/Xcode/DerivedData/ExampleApp-bvtnzyojtzckdkdmbgyxxxwseezb/Build/Products/Debug-iphoneos/PackageFrameworks -F/Users/josephbennett/Library/Developer/Xcode/DerivedData/ExampleApp-bvtnzyojtzckdkdmbgyxxxwseezb/Build/Products/Debug-iphoneos -filelist /Users/josephbennett/Library/Developer/Xcode/DerivedData/ExampleApp-bvtnzyojtzckdkdmbgyxxxwseezb/Build/Intermediates.noindex/ExampleApp.build/Debug-iphoneos/ExampleApp.build/Objects-normal/arm64/ExampleApp.LinkFileList -install_name @rpath/ExampleApp.debug.dylib -Xlinker -rpath -Xlinker /usr/lib/swift -Xlinker -rpath -Xlinker /Users/josephbennett/Library/Developer/Xcode/DerivedData/ExampleApp-bvtnzyojtzckdkdmbgyxxxwseezb/Build/Products/Debug-iphoneos/PackageFrameworks -Xlinker -rpath -Xlinker @executable_path/Frameworks -Xlinker -dead_strip -Xlinker -object_path_lto -Xlinker /Users/josephbennett/Library/Developer/Xcode/DerivedData/ExampleApp-bvtnzyojtzckdkdmbgyxxxwseezb/Build/Intermediates.noindex/ExampleApp.build/Debug-iphoneos/ExampleApp.build/Objects-normal/arm64/ExampleApp_lto.o -rdynamic -Xlinker -no_deduplicate -Xlinker -dependency_info -Xlinker /Users/josephbennett/Library/Developer/Xcode/DerivedData/ExampleApp-bvtnzyojtzckdkdmbgyxxxwseezb/Build/Intermediates.noindex/ExampleApp.build/Debug-iphoneos/ExampleApp.build/Objects-normal/arm64/ExampleApp_dependency_info.dat -fobjc-link-runtime -L/Applications/Xcode.app/Contents/Developer/Toolchains/XcodeDefault.xctoolchain/usr/lib/swift/iphoneos -L/usr/lib/swift -Xlinker -add_ast_path -Xlinker /Users/josephbennett/Library/Developer/Xcode/DerivedData/ExampleApp-bvtnzyojtzckdkdmbgyxxxwseezb/Build/Intermediates.noindex/ExampleApp.build/Debug-iphoneos/ExampleApp.build/Objects-normal/arm64/ExampleApp.swiftmodule @/Users/josephbennett/Library/Developer/Xcode/DerivedData/ExampleApp-bvtnzyojtzckdkdmbgyxxxwseezb/Build/Intermediates.noindex/ExampleApp.build/Debug-iphoneos/ExampleApp.build/Objects-normal/arm64/ExampleApp-linker-args.resp -Wl,-no_warn_duplicate_libraries -Xlinker -alias -Xlinker _main -Xlinker ___debug_main_executable_dylib_entry_point -framework SensorBioSDK -framework LibFXC -o /Users/josephbennett/Library/Developer/Xcode/DerivedData/ExampleApp-bvtnzyojtzckdkdmbgyxxxwseezb/Build/Products/Debug-iphoneos/ExampleApp.app/ExampleApp.debug.dylib -Xlinker -add_ast_path -Xlinker /Users/josephbennett/Library/Developer/Xcode/DerivedData/ExampleApp-bvtnzyojtzckdkdmbgyxxxwseezb/Build/Intermediates.noindex/SensorBioSDK.build/Debug-iphoneos/SensorBioSDKLink.build/Objects-normal/arm64/SensorBioSDKLink.swiftmodule @/Users/josephbennett/Library/Developer/Xcode/DerivedData/ExampleApp-bvtnzyojtzckdkdmbgyxxxwseezb/Build/Intermediates.noindex/SensorBioSDK.build/Debug-iphoneos/SensorBioSDKLink.build/Objects-normal/arm64/SensorBioSDKLink-linker-args.resp

ConstructStubExecutorLinkFileList /Users/josephbennett/Library/Developer/Xcode/DerivedData/ExampleApp-bvtnzyojtzckdkdmbgyxxxwseezb/Build/Intermediates.noindex/ExampleApp.build/Debug-iphoneos/ExampleApp.build/ExampleApp-ExecutorLinkFileList-normal-arm64.txt (in target 'ExampleApp' from project 'ExampleApp')
    cd /Users/josephbennett/Development/sensr/mobile_sensorbio_sdk_ios_binary/ExampleApp
    construct-stub-executor-link-file-list /Users/josephbennett/Library/Developer/Xcode/DerivedData/ExampleApp-bvtnzyojtzckdkdmbgyxxxwseezb/Build/Products/Debug-iphoneos/ExampleApp.app/ExampleApp.debug.dylib /Applications/Xcode.app/Contents/Developer/Platforms/iPhoneOS.platform/Developer/usr/lib/libPreviewsJITStubExecutor_no_swift_entry_point.a /Applications/Xcode.app/Contents/Developer/Platforms/iPhoneOS.platform/Developer/usr/lib/libPreviewsJITStubExecutor.a --output /Users/josephbennett/Library/Developer/Xcode/DerivedData/ExampleApp-bvtnzyojtzckdkdmbgyxxxwseezb/Build/Intermediates.noindex/ExampleApp.build/Debug-iphoneos/ExampleApp.build/ExampleApp-ExecutorLinkFileList-normal-arm64.txt
note: Using stub executor library with Swift entry point. (in target 'ExampleApp' from project 'ExampleApp')

Ld /Users/josephbennett/Library/Developer/Xcode/DerivedData/ExampleApp-bvtnzyojtzckdkdmbgyxxxwseezb/Build/Products/Debug-iphoneos/ExampleApp.app/ExampleApp normal (in target 'ExampleApp' from project 'ExampleApp')
    cd /Users/josephbennett/Development/sensr/mobile_sensorbio_sdk_ios_binary/ExampleApp
    /Applications/Xcode.app/Contents/Developer/Toolchains/XcodeDefault.xctoolchain/usr/bin/clang -Xlinker -reproducible -target arm64-apple-ios18.0 -isysroot /Applications/Xcode.app/Contents/Developer/Platforms/iPhoneOS.platform/Developer/SDKs/iPhoneOS26.5.sdk -O0 -L/Users/josephbennett/Library/Developer/Xcode/DerivedData/ExampleApp-bvtnzyojtzckdkdmbgyxxxwseezb/Build/Products/Debug-iphoneos -F/Users/josephbennett/Library/Developer/Xcode/DerivedData/ExampleApp-bvtnzyojtzckdkdmbgyxxxwseezb/Build/Products/Debug-iphoneos/PackageFrameworks -F/Users/josephbennett/Library/Developer/Xcode/DerivedData/ExampleApp-bvtnzyojtzckdkdmbgyxxxwseezb/Build/Products/Debug-iphoneos -Xlinker -rpath -Xlinker @executable_path -Xlinker -rpath -Xlinker /Users/josephbennett/Library/Developer/Xcode/DerivedData/ExampleApp-bvtnzyojtzckdkdmbgyxxxwseezb/Build/Products/Debug-iphoneos/PackageFrameworks -Xlinker -rpath -Xlinker @executable_path/Frameworks -rdynamic -Xlinker -no_deduplicate -e ___debug_blank_executor_main -Xlinker -sectcreate -Xlinker __TEXT -Xlinker __debug_dylib -Xlinker /Users/josephbennett/Library/Developer/Xcode/DerivedData/ExampleApp-bvtnzyojtzckdkdmbgyxxxwseezb/Build/Intermediates.noindex/ExampleApp.build/Debug-iphoneos/ExampleApp.build/ExampleApp-DebugDylibPath-normal-arm64.txt -Xlinker -sectcreate -Xlinker __TEXT -Xlinker __debug_instlnm -Xlinker /Users/josephbennett/Library/Developer/Xcode/DerivedData/ExampleApp-bvtnzyojtzckdkdmbgyxxxwseezb/Build/Intermediates.noindex/ExampleApp.build/Debug-iphoneos/ExampleApp.build/ExampleApp-DebugDylibInstallName-normal-arm64.txt -Xlinker -filelist -Xlinker /Users/josephbennett/Library/Developer/Xcode/DerivedData/ExampleApp-bvtnzyojtzckdkdmbgyxxxwseezb/Build/Intermediates.noindex/ExampleApp.build/Debug-iphoneos/ExampleApp.build/ExampleApp-ExecutorLinkFileList-normal-arm64.txt /Users/josephbennett/Library/Developer/Xcode/DerivedData/ExampleApp-bvtnzyojtzckdkdmbgyxxxwseezb/Build/Products/Debug-iphoneos/ExampleApp.app/ExampleApp.debug.dylib -o /Users/josephbennett/Library/Developer/Xcode/DerivedData/ExampleApp-bvtnzyojtzckdkdmbgyxxxwseezb/Build/Products/Debug-iphoneos/ExampleApp.app/ExampleApp

LinkAssetCatalog /Users/josephbennett/Development/sensr/mobile_sensorbio_sdk_ios_binary/ExampleApp/ExampleApp/Assets.xcassets (in target 'ExampleApp' from project 'ExampleApp')
    cd /Users/josephbennett/Development/sensr/mobile_sensorbio_sdk_ios_binary/ExampleApp
    builtin-linkAssetCatalog --thinned /Users/josephbennett/Library/Developer/Xcode/DerivedData/ExampleApp-bvtnzyojtzckdkdmbgyxxxwseezb/Build/Intermediates.noindex/ExampleApp.build/Debug-iphoneos/ExampleApp.build/assetcatalog_output/thinned --thinned-dependencies /Users/josephbennett/Library/Developer/Xcode/DerivedData/ExampleApp-bvtnzyojtzckdkdmbgyxxxwseezb/Build/Intermediates.noindex/ExampleApp.build/Debug-iphoneos/ExampleApp.build/assetcatalog_dependencies_thinned --thinned-info-plist-content /Users/josephbennett/Library/Developer/Xcode/DerivedData/ExampleApp-bvtnzyojtzckdkdmbgyxxxwseezb/Build/Intermediates.noindex/ExampleApp.build/Debug-iphoneos/ExampleApp.build/assetcatalog_generated_info.plist_thinned --unthinned /Users/josephbennett/Library/Developer/Xcode/DerivedData/ExampleApp-bvtnzyojtzckdkdmbgyxxxwseezb/Build/Intermediates.noindex/ExampleApp.build/Debug-iphoneos/ExampleApp.build/assetcatalog_output/unthinned --unthinned-dependencies /Users/josephbennett/Library/Developer/Xcode/DerivedData/ExampleApp-bvtnzyojtzckdkdmbgyxxxwseezb/Build/Intermediates.noindex/ExampleApp.build/Debug-iphoneos/ExampleApp.build/assetcatalog_dependencies_unthinned --unthinned-info-plist-content /Users/josephbennett/Library/Developer/Xcode/DerivedData/ExampleApp-bvtnzyojtzckdkdmbgyxxxwseezb/Build/Intermediates.noindex/ExampleApp.build/Debug-iphoneos/ExampleApp.build/assetcatalog_generated_info.plist_unthinned --output /Users/josephbennett/Library/Developer/Xcode/DerivedData/ExampleApp-bvtnzyojtzckdkdmbgyxxxwseezb/Build/Products/Debug-iphoneos/ExampleApp.app --plist-output /Users/josephbennett/Library/Developer/Xcode/DerivedData/ExampleApp-bvtnzyojtzckdkdmbgyxxxwseezb/Build/Intermediates.noindex/ExampleApp.build/Debug-iphoneos/ExampleApp.build/assetcatalog_generated_info.plist
note: Emplaced /Users/josephbennett/Library/Developer/Xcode/DerivedData/ExampleApp-bvtnzyojtzckdkdmbgyxxxwseezb/Build/Products/Debug-iphoneos/ExampleApp.app/AppIcon60x60@2x.png (in target 'ExampleApp' from project 'ExampleApp')
note: Emplaced /Users/josephbennett/Library/Developer/Xcode/DerivedData/ExampleApp-bvtnzyojtzckdkdmbgyxxxwseezb/Build/Products/Debug-iphoneos/ExampleApp.app/Assets.car (in target 'ExampleApp' from project 'ExampleApp')
note: Emplaced /Users/josephbennett/Library/Developer/Xcode/DerivedData/ExampleApp-bvtnzyojtzckdkdmbgyxxxwseezb/Build/Products/Debug-iphoneos/ExampleApp.app/AppIcon76x76@2x~ipad.png (in target 'ExampleApp' from project 'ExampleApp')

ProcessInfoPlistFile /Users/josephbennett/Library/Developer/Xcode/DerivedData/ExampleApp-bvtnzyojtzckdkdmbgyxxxwseezb/Build/Products/Debug-iphoneos/ExampleApp.app/Info.plist /Users/josephbennett/Development/sensr/mobile_sensorbio_sdk_ios_binary/ExampleApp/ExampleApp/Info.plist (in target 'ExampleApp' from project 'ExampleApp')
    cd /Users/josephbennett/Development/sensr/mobile_sensorbio_sdk_ios_binary/ExampleApp
    builtin-infoPlistUtility /Users/josephbennett/Development/sensr/mobile_sensorbio_sdk_ios_binary/ExampleApp/ExampleApp/Info.plist -producttype com.apple.product-type.application -genpkginfo /Users/josephbennett/Library/Developer/Xcode/DerivedData/ExampleApp-bvtnzyojtzckdkdmbgyxxxwseezb/Build/Products/Debug-iphoneos/ExampleApp.app/PkgInfo -expandbuildsettings -format binary -platform iphoneos -additionalcontentfile /Users/josephbennett/Library/Developer/Xcode/DerivedData/ExampleApp-bvtnzyojtzckdkdmbgyxxxwseezb/Build/Intermediates.noindex/ExampleApp.build/Debug-iphoneos/ExampleApp.build/assetcatalog_generated_info.plist -scanforprivacyfile /Users/josephbennett/Library/Developer/Xcode/DerivedData/ExampleApp-bvtnzyojtzckdkdmbgyxxxwseezb/Build/Products/Debug-iphoneos/ExampleApp.app/Frameworks/LibFXC.framework -scanforprivacyfile /Users/josephbennett/Library/Developer/Xcode/DerivedData/ExampleApp-bvtnzyojtzckdkdmbgyxxxwseezb/Build/Products/Debug-iphoneos/ExampleApp.app/Frameworks/SensorBioSDK.framework -requiredArchitecture arm64 -o /Users/josephbennett/Library/Developer/Xcode/DerivedData/ExampleApp-bvtnzyojtzckdkdmbgyxxxwseezb/Build/Products/Debug-iphoneos/ExampleApp.app/Info.plist

CopySwiftLibs /Users/josephbennett/Library/Developer/Xcode/DerivedData/ExampleApp-bvtnzyojtzckdkdmbgyxxxwseezb/Build/Products/Debug-iphoneos/ExampleApp.app (in target 'ExampleApp' from project 'ExampleApp')
    cd /Users/josephbennett/Development/sensr/mobile_sensorbio_sdk_ios_binary/ExampleApp
    builtin-swiftStdLibTool --copy --verbose --scan-executable /Users/josephbennett/Library/Developer/Xcode/DerivedData/ExampleApp-bvtnzyojtzckdkdmbgyxxxwseezb/Build/Products/Debug-iphoneos/ExampleApp.app/ExampleApp.debug.dylib --scan-folder /Users/josephbennett/Library/Developer/Xcode/DerivedData/ExampleApp-bvtnzyojtzckdkdmbgyxxxwseezb/Build/Products/Debug-iphoneos/ExampleApp.app/Frameworks --scan-folder /Users/josephbennett/Library/Developer/Xcode/DerivedData/ExampleApp-bvtnzyojtzckdkdmbgyxxxwseezb/Build/Products/Debug-iphoneos/ExampleApp.app/PlugIns --scan-folder /Users/josephbennett/Library/Developer/Xcode/DerivedData/ExampleApp-bvtnzyojtzckdkdmbgyxxxwseezb/Build/Products/Debug-iphoneos/ExampleApp.app/SystemExtensions --scan-folder /Users/josephbennett/Library/Developer/Xcode/DerivedData/ExampleApp-bvtnzyojtzckdkdmbgyxxxwseezb/Build/Products/Debug-iphoneos/ExampleApp.app/Extensions --platform iphoneos --toolchain /Applications/Xcode.app/Contents/Developer/Toolchains/XcodeDefault.xctoolchain --destination /Users/josephbennett/Library/Developer/Xcode/DerivedData/ExampleApp-bvtnzyojtzckdkdmbgyxxxwseezb/Build/Products/Debug-iphoneos/ExampleApp.app/Frameworks --strip-bitcode --strip-bitcode-tool /Applications/Xcode.app/Contents/Developer/Toolchains/XcodeDefault.xctoolchain/usr/bin/bitcode_strip --emit-dependency-info /Users/josephbennett/Library/Developer/Xcode/DerivedData/ExampleApp-bvtnzyojtzckdkdmbgyxxxwseezb/Build/Intermediates.noindex/ExampleApp.build/Debug-iphoneos/ExampleApp.build/SwiftStdLibToolInputDependencies.dep --filter-for-swift-os --back-deploy-swift-span
Ignoring --strip-bitcode because --sign was not passed
libswiftCompatibilitySpan.dylib is up to date at /Users/josephbennett/Library/Developer/Xcode/DerivedData/ExampleApp-bvtnzyojtzckdkdmbgyxxxwseezb/Build/Products/Debug-iphoneos/ExampleApp.app/Frameworks/libswiftCompatibilitySpan.dylib

ExtractAppIntentsMetadata (in target 'ExampleApp' from project 'ExampleApp')
    cd /Users/josephbennett/Development/sensr/mobile_sensorbio_sdk_ios_binary/ExampleApp
    /Applications/Xcode.app/Contents/Developer/Toolchains/XcodeDefault.xctoolchain/usr/bin/appintentsmetadataprocessor --toolchain-dir /Applications/Xcode.app/Contents/Developer/Toolchains/XcodeDefault.xctoolchain --module-name ExampleApp --sdk-root /Applications/Xcode.app/Contents/Developer/Platforms/iPhoneOS.platform/Developer/SDKs/iPhoneOS26.5.sdk --xcode-version 17F113 --platform-family iOS --deployment-target 18.0 --bundle-identifier ai.sensr.example.ExampleApp --output /Users/josephbennett/Library/Developer/Xcode/DerivedData/ExampleApp-bvtnzyojtzckdkdmbgyxxxwseezb/Build/Products/Debug-iphoneos/ExampleApp.app --target-triple arm64-apple-ios18.0 --binary-file /Users/josephbennett/Library/Developer/Xcode/DerivedData/ExampleApp-bvtnzyojtzckdkdmbgyxxxwseezb/Build/Products/Debug-iphoneos/ExampleApp.app/ExampleApp --dependency-file /Users/josephbennett/Library/Developer/Xcode/DerivedData/ExampleApp-bvtnzyojtzckdkdmbgyxxxwseezb/Build/Intermediates.noindex/ExampleApp.build/Debug-iphoneos/ExampleApp.build/Objects-normal/arm64/ExampleApp_dependency_info.dat --stringsdata-file /Users/josephbennett/Library/Developer/Xcode/DerivedData/ExampleApp-bvtnzyojtzckdkdmbgyxxxwseezb/Build/Intermediates.noindex/ExampleApp.build/Debug-iphoneos/ExampleApp.build/Objects-normal/arm64/ExtractedAppShortcutsMetadata.stringsdata --source-file-list /Users/josephbennett/Library/Developer/Xcode/DerivedData/ExampleApp-bvtnzyojtzckdkdmbgyxxxwseezb/Build/Intermediates.noindex/ExampleApp.build/Debug-iphoneos/ExampleApp.build/Objects-normal/arm64/ExampleApp.SwiftFileList --metadata-file-list /Users/josephbennett/Library/Developer/Xcode/DerivedData/ExampleApp-bvtnzyojtzckdkdmbgyxxxwseezb/Build/Intermediates.noindex/ExampleApp.build/Debug-iphoneos/ExampleApp.build/ExampleApp.DependencyMetadataFileList --static-metadata-file-list /Users/josephbennett/Library/Developer/Xcode/DerivedData/ExampleApp-bvtnzyojtzckdkdmbgyxxxwseezb/Build/Intermediates.noindex/ExampleApp.build/Debug-iphoneos/ExampleApp.build/ExampleApp.DependencyStaticMetadataFileList --swift-const-vals-list /Users/josephbennett/Library/Developer/Xcode/DerivedData/ExampleApp-bvtnzyojtzckdkdmbgyxxxwseezb/Build/Intermediates.noindex/ExampleApp.build/Debug-iphoneos/ExampleApp.build/Objects-normal/arm64/ExampleApp.SwiftConstValuesFileList --compile-time-extraction --deployment-aware-processing --validate-assistant-intents --no-app-shortcuts-localization
2026-09-10 11:03:20.003 appintentsmetadataprocessor[43688:192199630] Starting appintentsmetadataprocessor export
2026-09-10 11:03:20.004 appintentsmetadataprocessor[43688:192199630] warning: Metadata extraction skipped. No AppIntents.framework dependency found.

Validate /Users/josephbennett/Library/Developer/Xcode/DerivedData/ExampleApp-bvtnzyojtzckdkdmbgyxxxwseezb/Build/Products/Debug-iphoneos/ExampleApp.app (in target 'ExampleApp' from project 'ExampleApp')
    cd /Users/josephbennett/Development/sensr/mobile_sensorbio_sdk_ios_binary/ExampleApp
    builtin-validationUtility /Users/josephbennett/Library/Developer/Xcode/DerivedData/ExampleApp-bvtnzyojtzckdkdmbgyxxxwseezb/Build/Products/Debug-iphoneos/ExampleApp.app -shallow-bundle -infoplist-subpath Info.plist
warning: All interface orientations must be supported unless the app requires full screen. (in target 'ExampleApp' from project 'ExampleApp')

note: Removed stale file '/Users/josephbennett/Library/Developer/Xcode/DerivedData/ExampleApp-bvtnzyojtzckdkdmbgyxxxwseezb/Build/Intermediates.noindex/ExampleApp.build/Debug-iphoneos/ExampleApp.build/DerivedSources/Entitlements.plist'

note: Removed stale file '/Users/josephbennett/Library/Developer/Xcode/DerivedData/ExampleApp-bvtnzyojtzckdkdmbgyxxxwseezb/Build/Intermediates.noindex/ExampleApp.build/Debug-iphoneos/ExampleApp.build/ExampleApp.app.xcent'

note: Removed stale file '/Users/josephbennett/Library/Developer/Xcode/DerivedData/ExampleApp-bvtnzyojtzckdkdmbgyxxxwseezb/Build/Intermediates.noindex/ExampleApp.build/Debug-iphoneos/ExampleApp.build/ExampleApp.app.xcent.der'

note: Removed stale file '/Users/josephbennett/Library/Developer/Xcode/DerivedData/ExampleApp-bvtnzyojtzckdkdmbgyxxxwseezb/Build/Products/Debug-iphoneos/ExampleApp.app/Frameworks/LibFXC.framework/_CodeSignature'

note: Removed stale file '/Users/josephbennett/Library/Developer/Xcode/DerivedData/ExampleApp-bvtnzyojtzckdkdmbgyxxxwseezb/Build/Products/Debug-iphoneos/ExampleApp.app/Frameworks/SensorBioSDK.framework/_CodeSignature'

note: Removed stale file '/Users/josephbennett/Library/Developer/Xcode/DerivedData/ExampleApp-bvtnzyojtzckdkdmbgyxxxwseezb/Build/Products/Debug-iphoneos/ExampleApp.app/_CodeSignature'

note: Removed stale file '/Users/josephbennett/Library/Developer/Xcode/DerivedData/ExampleApp-bvtnzyojtzckdkdmbgyxxxwseezb/Build/Products/Debug-iphoneos/ExampleApp.app/embedded.mobileprovision'

** BUILD SUCCEEDED **

